Case #1: true
Case #2: false
Case #3: false
Case #4: true
Case #5: true
Case #6: false
