Case #1: false
Case #2: false
Case #3: false
Case #4: true
Case #5: true
Case #6: true
Case #7: true
Case #8: false
