Case #1: b
Case #2: f
Case #3: l
Case #4: a
Case #5: y
