Case #1: a
Case #2: b
Case #3: b
Case #4: a
Case #5: b
Case #6: a
Case #7: b
